// Jest Snapshot v1, https://goo.gl/fbAQLP

exports[`test button container component match snapshot 1`] = `
<View
  accessible={true}
  focusable={true}
  onClick={[Function]}
  onResponderGrant={[Function]}
  onResponderMove={[Function]}
  onResponderRelease={[Function]}
  onResponderTerminate={[Function]}
  onResponderTerminationRequest={[Function]}
  onStartShouldSetResponder={[Function]}
  style={
    Object {
      "alignItems": "center",
      "borderRadius": 19.736842105263158,
      "justifyContent": "center",
      "opacity": 1,
    }
  }
>
  <Text
    style={
      Array [
        Object {
          "fontSize": 39.473684210526315,
        },
        undefined,
      ]
    }
  >
    Save
  </Text>
</View>
`;
